
ihello
console.log
